// Jest Snapshot v1, https://goo.gl/fbAQLP

exports[`<Aligner> should render correctly 1`] = `
<div
  className="sc-bdVaJa ijCOvj"
>
  alo
</div>
`;
