// Jest Snapshot v1, https://goo.gl/fbAQLP

exports[`<AutoSave> should render correctly 1`] = `null`;
