// Jest Snapshot v1, https://goo.gl/fbAQLP

exports[`<ButtonLink> renders correctly 1`] = `
<a
  className="sc-htpNat tBSFr"
  href="/a"
  onClick={[Function]}
>
  alo
</a>
`;
