// Jest Snapshot v1, https://goo.gl/fbAQLP

exports[`<CheckBox> renders correctly 1`] = `
<label
  className="sc-htpNat cxybjL"
>
  <input
    aria-invalid={false}
    checked={false}
    className="sc-bdVaJa csBluA"
    name="checkbox"
    onBlur={[Function]}
    onChange={[Function]}
    onFocus={[Function]}
    type="checkbox"
    value="a"
  />
  <span
    className="sc-bwzfXH kpWatx"
  >
    A
  </span>
</label>
`;
