// Jest Snapshot v1, https://goo.gl/fbAQLP

exports[`<ErrorMessage> should render correctly 1`] = `
<p
  className="sc-bdVaJa oxfiO"
  role="alert"
>
  alo
</p>
`;
