// Jest Snapshot v1, https://goo.gl/fbAQLP

exports[`<Grid> should render correctly 1`] = `
<div
  className="Grid-pvesk6-0 dRvszr"
  cols={12}
>
  <div
    className="Cell-f9knfu-0 bvKviF"
  >
    A
  </div>
  <div
    className="Cell-f9knfu-0 bvKviF"
  >
    B
  </div>
</div>
`;
