// Jest Snapshot v1, https://goo.gl/fbAQLP

exports[`<Icon> should render correctly 1`] = `
<span
  className="sc-bdVaJa glhnSV"
  dangerouslySetInnerHTML={
    Object {
      "__html": "<svg width=\\"100\\" height=\\"100\\"><circle cx=\\"50\\" cy=\\"50\\" r=\\"40\\" stroke=\\"black\\" stroke-width=\\"3\\" fill=\\"tomato\\" /></svg>",
    }
  }
/>
`;
