// Jest Snapshot v1, https://goo.gl/fbAQLP

exports[`<Observer> should render correctly 1`] = `
<div>
  alo
</div>
`;
