// Jest Snapshot v1, https://goo.gl/fbAQLP

exports[`<Paragraph> should render correctly 1`] = `
<p
  className="Text-sc-18djoaj-0-p gFwNcq"
>
  alo
</p>
`;
