// Jest Snapshot v1, https://goo.gl/fbAQLP

exports[`<SubmitError> should render correctly 1`] = `null`;
