// Jest Snapshot v1, https://goo.gl/fbAQLP

exports[`<TextArea> should render correctly 1`] = `
<textarea
  aria-invalid={false}
  className="x39jbp-0-Component-TextField-kcxcOU dgQOCW"
  name="textarea"
  onBlur={[Function]}
  onChange={[Function]}
  onFocus={[Function]}
  value=""
/>
`;
