// Jest Snapshot v1, https://goo.gl/fbAQLP

exports[`<Text> should render correctly 1`] = `
<span
  className="sc-bdVaJa hXSkgu"
>
  alo
</span>
`;
