// Jest Snapshot v1, https://goo.gl/fbAQLP

exports[`<TextField> renders correctly 1`] = `
<input
  aria-invalid={false}
  className="sc-bdVaJa chZRqM"
  name="textfield"
  onBlur={[Function]}
  onChange={[Function]}
  onFocus={[Function]}
  type="text"
  value=""
/>
`;
