// Jest Snapshot v1, https://goo.gl/fbAQLP

exports[`<ValidationError> renders correctly 1`] = `null`;
